REFRESH
REFRESH
REFRESH
REFRESH
KEY D
REFRESH
KEY D
REFRESH
KEY D
REFRESH
KEY D
REFRESH
KEY D
REFRESH
KEY D
REFRESH
KEY S
REFRESH
KEY A
REFRESH
KEY A
REFRESH
KEY A
REFRESH
KEY A
REFRESH
KEY A
REFRESH
KEY A
REFRESH
KEY A
REFRESH
KEY A
REFRESH
KEY A
REFRESH
KEY A
REFRESH
KEY A
REFRESH
KEY A
REFRESH
KEY A
REFRESH
KEY A
REFRESH
KEY D
REFRESH
KEY S
REFRESH
KEY S
REFRESH
KEY D
REFRESH
KEY D
REFRESH
KEY D
REFRESH
KEY D
REFRESH
KEY D
REFRESH
KEY D
REFRESH
=== [2461] LEVEL INFO ===
Dimensions: 5 x 10
Tempo: 10
Pacman file: 
Monster files (2):
  - 
  - 

=== BOARD ===
WWWWWWWWWW
WM       W
W        W
W  M     W
W       PW
==================
KEY D
REFRESH
KEY D
REFRESH
KEY D
REFRESH
KEY D
REFRESH
KEY D
REFRESH
KEY D
REFRESH
KEY D
REFRESH
KEY D
REFRESH
KEY D
REFRESH
KEY S
REFRESH
KEY A
REFRESH
KEY A
REFRESH
KEY A
REFRESH
KEY A
REFRESH
KEY A
REFRESH
KEY S
Killing 0 pacman

REFRESH
=== [2461] LEVEL INFO ===
Dimensions: 5 x 10
Tempo: 10
Pacman file: 
Monster files (2):
  - 
  - 

=== BOARD ===
WWWWWWWWWW
W        W
W        W
W MM     W
W        W
==================
